Type: recovered correspondence
Participants: Selene Arkwright, Tessa Ward

Selene Arkwright:
Can you talk right now?

Tessa Ward:
Five minutes. What happened?

Selene Arkwright:
I found strange documents about Orbit-12.

Tessa Ward:
What documents?

Selene Arkwright:
Honestly, I don't even know. Some kind of service records. There are horrible things written here. This is nothing like what we were told.

Tessa Ward:
Selene, I don't understand what you mean.

Selene Arkwright:
I found old station documents. Holoscene is in them. Were we lied to? Did you know about this?

Tessa Ward:
I don't understand what you're talking about. Please, let's meet and you can show me everything. Just please don't tell anyone about this until we figure it out together.

Selene Arkwright:
They took over the station. Everything was a lie. Nobody joined them voluntarily. It was an armed takeover.

Tessa Ward:
Are you sure you understood it correctly?

Selene Arkwright:
No, Tessa, I'm not sure. That's why I'm writing to you. But if this is true, then the show we're making is one big lie.

Tessa Ward:
What do you mean?

Selene Arkwright:
I mean exactly that, Tessa. We're lying to people. I can't do this. We have to tell everyone. Oh God, I've been acting in this for so long. My whole life is a lie. And I'm lying to everyone.

Selene Arkwright:
Holoscene bastards.

Tessa Ward:
Selene, calm down. Let's meet and talk.

Selene Arkwright:
I have to tell everyone.

Tessa Ward:
Selene, stop. Don't send this to anyone.

Selene Arkwright:
I already showed it to Ren.

Tessa Ward:
Who?

Selene Arkwright:
Ren. From editing. He said what's written there matches the early script drafts. Before Holoscene joined the production.

Tessa Ward:
Do you understand how this sounds?

Selene Arkwright:
Yes. It sounds like we spent five seasons filming a fairy tale about someone else's crime.

Tessa Ward:
Selene, calm down. I'm already on my way to you.

Selene Arkwright:
Please answer me. Did you know?

Tessa Ward:
I didn't know, honestly. I'm coming now and we'll sort everything out. Please, just don't tell anyone about this until I get there.

Selene Arkwright:
Okay, I'll wait for you. Just please hurry.