Type: recovered correspondence
Participants: Tessa Ward, Maurice Moore

Tessa Ward:
I need to speak to someone from your team urgently.

Maurice Moore:
What happened?

Tessa Ward:
Selene Arkwright found some documents about Orbit-12.

Maurice Moore:
Where did she find them?

Tessa Ward:
I don't know. I haven't seen the files myself yet.

Maurice Moore:
What exactly did she say?

Tessa Ward:
That Holoscene was connected to the Orbit-12 station before the show. That there was an armed takeover.

Maurice Moore:
Did she use the word "takeover"?

Tessa Ward:
Yes.

Maurice Moore:
Who else saw these documents?

Tessa Ward:
She said she showed them to Ren from editing.

Maurice Moore:
Only him?

Tessa Ward:
I don't know. According to her, only him. But she's emotional. She wants to tell everyone.

Maurice Moore:
Where are you now?

Tessa Ward:
At home. I was going to go to her.

Maurice Moore:
Don't go.

Tessa Ward:
What do you mean, don't go?

Maurice Moore:
Stay home. Don't leave. Don't call her. Don't write to her anymore, except for neutral messages.

Tessa Ward:
She's waiting for me. I told her I was coming.

Maurice Moore:
Now you're not going.

Tessa Ward:
Do you understand what state she's in? She could send this to journalists right now.

Maurice Moore:
We understand.

Tessa Ward:
And?

Maurice Moore:
We'll handle it ourselves.

Tessa Ward:
What does that mean?

Maurice Moore:
It means you don't need to get involved. If she contacts you, write that you're delayed and ask her not to publish anything until you talk.

Tessa Ward:
She won't believe that.

Maurice Moore:
Your job is to keep her contained until we make a decision.

Tessa Ward:
She is my client.

Maurice Moore:
This is no longer a client management issue.

Tessa Ward:
I want to understand what you're going to do.

Maurice Moore:
Stay home, don't go to Arkwright, don't contact the editing team, and wait for instructions. We will resolve this problem.

Tessa Ward:
And if she writes to me again?

Maurice Moore:
Answer calmly. Tell her you're on your way.

Tessa Ward:
Are you going to talk to her?